[elcomercio.pe/index.html]
[backblue.gif]
[fade.gif]
[index.html]
[cdna.elcomercio.pe/resources/dist/elcomercio/images/favicon2d2b.png]
[cdna.elcomercio.pe/resources/dist/elcomercio/images/apple-touch-icon2d2b.png]
[cdna.elcomercio.pe/resources/dist/elcomercio/images/apple-touch-icon-76x762d2b.png]
[cdna.elcomercio.pe/resources/dist/elcomercio/images/apple-touch-icon-120x1202d2b.png]
[cdna.elcomercio.pe/resources/dist/elcomercio/images/apple-touch-icon-144x1442d2b.png]
[cdna.elcomercio.pe/resources/dist/elcomercio/images/apple-touch-icon-152x1522d2b.png]
[cdna.elcomercio.pe/resources/dist/elcomercio/images/apple-touch-icon-180x1802d2b.png]
[www.npttech.com/advertising.js]
[elcomercio.pe/arcio/rss/index.html]
[d1r08wok4169a5.cloudfront.net/ads/ec/arcads6ebf.js]
[static.chartbeat.com/js/chartbeat.js]
[elcomercio.pe/cc/digital/index.html]
[elcomercio.pe/extranjeros/index.html]
[elcomercio.pe/winback/index.html]
[static.chartbeat.com/js/chartbeat_mab.js]
[elcomercio.pe/universitarios/index.html]
[elcomercio.pe/corporativos/index.html]
[elcomercio.pe/colaboradores/index.html]
[elcomercio.pe/pf/resources/assets/js/emblue-sdk-workerb647.js]
[cdn.embluemail.com/pixeltracking/pixeltracking145d.js]
[elcomercio.pe/pf/resources/assets/js/sdk.v3.minb647.js]
[elcomercio.pe/ak.m]
[elcomercio.pe/ak.t]
[elcomercio.pe/deporte-total/seleccion/chile-tras-finalizar-audiencia-en-el-tas-por-caso-byron-castillo-hicimos-todo-mundial-qatar-2022-seleccion-ecuador-seleccion-chilena-rmmd-dtbn-noticia/index.html]
[elcomercio.pe/politica/justicia/nuevo-reves-para-pedro-castillo-pj-rechaza-recu/index.html]
[elcomercio.pe/politica/anibal-torres-congresistas-demandan-la-salida-del-jefe-de-gabinete-tras-ataque-misogino-a-sol-carreno-pedro-castillo-noticia/index.html]
[cdna.elcomercio.pe/resources/dist/elcomercio/images/logo2d2b.png]
[elcomercio.pe/reviu.html]
[cdna.elcomercio.pe/resources/dist/elcomercio/images/default-md87dd.png]
[elcomercio.pe/economia/cade-ejecutivos-2022-en-vivo-hoy-sigue-el-foro-empresarial-en-directo-desde-paracas-agenda-del-dia-pedro-castillo-economia-peru-lbposting-noticia/index.html]
[elcomercio.pe/resizer/0wL4YE2z_3IrjqtVDeMLJyjz2tg=/arc-anglerfish-arc2-prod-elcomercio/public/QFQUQ4N5GVHW7GTVCUWPMH2PEU.jpg]
[elcomercio.pe/respuestas/quien/quien-cobra-nuevo-bono-alimentario-de-270-link-/index.html]
[elcomercio.pe/respuestas/como/revisar-bono-alimentario-2022-de-noviembre-hoy-/index.html]
[elcomercio.pe/mundo/eeuu/elecciones-estados-unidos-2022-en-vivo-usa-midt/index.html]
[elcomercio.pe/deporte-total/futbol-peruano/alianza-lima-vs-melgar-en-vivo-en-arequipa-por-/index.html]
[cdna.elcomercio.pe/resources/dist/elcomercio/images/default-md.png]
[elcomercio.pe/respuestas/quien/link-ingreso-solidario-2022-de-noviembre-quien-cobra-cuanto-se-paga-y-fechas-del-dps-via-sisben-iv-tdex-revtli-noticia/index.html]
[elcomercio.pe/luces/vida-social/horoscopo-de-hoy-martes-8-de-noviembre-del-2022-que-dicen-las-predicciones-para-tu-signo-zodiacal-noticia/index.html]
[elcomercio.pe/economia/dolar-sigue-retrocediendo-y-cierra-en-s391-su-nivel-mas-bajo-despues-de-un-mes-noticia/index.html]
[elcomercio.pe/videos/entretenimiento/la-tinka-conoce-el-resultado-del-sorteo-para-el-02112022-sorteo-loteria-millonario-ganador-billete-nnav-amtv-video-noticia/index.html]
[elcomercio.pe/deporte-total/futbol-mundial/mundial-qatar-2022-en-vivo-minuto-a-minuto-ulti/index.html]
[cloudfront-us-east-1.images.arcpublishing.com/elcomercio/2MUKBBFH45GVHBYYVKKQQJ2FPM.png]
[elcomercio.pe/suscripciones/index8bd9.html]
[elcomercio.pe/economia/personal/index.html]
[elcomercio.pe/pf/resources/assets/js/sdk.v3.min992d.js]
[elcomercio.pe/ultimas-noticias/index.html]
[elcomercio.pe/newsletters/index.html]
[elcomercio.pe/elecciones/index.html]
[cdna.elcomercio.pe/resources/assets/js/lazyload2d2b.js]
[elcomercio.pe/juegos/index.html]
[elcomercio.pe/podcast/index.html]
[elcomercio.pe/noticias/coronavirus/index.html]
[elcomercio.pe/el-comercio-tv/index.html]
[elcomercio.pe/index.html]
[elcomercio.pe/provecho/index.html]
[elcomercio.pe/cc/digital/index.html]
[d1r08wok4169a5.cloudfront.net/gpt-adtmp/gpt-adtmp6ebf.js]
[elcomercio.pe/winback/index.html]
[elcomercio.pe/saltar-intro/index.html]
[elcomercio.pe/extranjeros/index.html]
[elcomercio.pe/politica/index.html]
[elcomercio.pe/universitarios/index.html]
[elcomercio.pe/economia/index.html]
[elcomercio.pe/colaboradores/index.html]
[elcomercio.pe/lima/index.html]
[elcomercio.pe/corporativos/index.html]
[elcomercio.pe/opinion/index.html]
[elcomercio.pe/peru/index.html]
[elcomercio.pe/mundo/index.html]
[elcomercio.pe/corresponsales-escolares/index.html]
[elcomercio.pe/deporte-total/index.html]
[elcomercio.pe/tvmas/index.html]
[static.chartbeat.com/js/chartbeat.js]
[static.chartbeat.com/js/inpage.js]
[elcomercio.pe/tecnologia/index.html]
[elcomercio.pe/luces/index.html]
[elcomercio.pe/respuestas/index.html]
[static.chartbeat.com/js/chartbeat_mab.js]
[www.googletagmanager.com/gtm5445.html]
[elcomercio.pe/somos/index.html]
[elcomercio.pe/ak.html]
[elcomercio.pe/viu/index.html]
[elcomercio.pe/vamos/index.html]
[elcomercio.pe/ak-2.html]
[elcomercio.pe/casa-y-mas/index.html]
[elcomercio.pe/ruedas-tuercas/index.html]
[elcomercio.pe/eldominical/index.html]
[elcomercio.pe/noticias/horoscopo/index.html]
[d2dvq461rdwooi.cloudfront.net/elcomercio/post/politica/spaces303f.js]
[d1r08wok4169a5.cloudfront.net/ads/elcomercio/arcads303f.js]
[elcomercio.pe/desde-la-redaccion/index.html]
[securepubads.g.doubleclick.net/tag/js/gpt.js]
[elcomercio.pe/videos/index.html]
[elcomercio.pe/resizer/4zzvIZXe0MWBiEvFBL9NkxElFlY=/280x159/smart/filters_format(jpeg)_quality(75)/cloudfront-us-east-1.images.arcpublishing.com/elcomercio/NKD2Z3Z2YRBNLHU7Q7T2LQFHAI.jpg]
[elcomercio.pe/archivo-elcomercio/index.html]
[elcomercio.pe/blogs/index.html]
[elcomercio.pe/resizer/4-6-f2fWOq44FINgNJa3n3TucP8=/1200x900/smart/filters_format(jpeg)_quality(75)/cdn.jwplayer.com/v2/media/N04MU14k/poster.jpg]
[elcomercio.pe/tecnologia/e-sports/index.html]
[cdn.taboola.com/libtrc/grupoelcomercio-elcomercio/loader.js]
[elcomercio.pe/publirreportaje/index.html]
[elcomercio.pe/politica/justicia/nuevo-reves-para-pedro-castillo-pj-rechaza-recu/ak.m]
[elcomercio.pe/wuf/index.html]
[elcomercio.pe/terminos-y-condiciones/index.html]
[elcomercio.pe/oficinas-concesionarias/index.html]
[elcomercio.pe/principios-rectores/index.html]
[elcomercio.pe/colecciones-el-comercio/index.html]
[elcomercio.pe/buenas-practicas/index.html]
[elcomercio.pe/politicas-privacidad/index.html]
[elcomercio.pe/politica-integrada-de-gestion/index.html]
[elcomercio.pe/politica/justicia/nuevo-reves-para-pedro-castillo-pj-rechaza-recu/ak.27.delayed]
[elcomercio.pe/procedimiento-arco/index.html]
[elcomercio.pe/resizer/0jsCLgbie2sPkhsZtnu1CCmVu8w=/580x330/smart/filters_format(jpeg)_quality(75)/cloudfront-us-east-1.images.arcpublishing.com/elcomercio/NKD2Z3Z2YRBNLHU7Q7T2LQFHAI.jpg]
[elcomercio.pe/mundial/index.html]
[elcomercio.pe/politica-de-cookies/index.html]
[elcomercio.pe/politica/actualidad/anibal-torres-presentara-cuestion-de-confianza-por-proyecto-que-plantea-derogar-norma-que-regula-esa-figura-rmmn-noticia/index.html]
[elcomercio.pe/resizer/o8gopoYGqria1K2JuC4qvLtMCUQ=/40x40/smart/filters_format(jpeg)_quality(75)/s3.amazonaws.com/arc-authors/elcomercio/5f71beb8-bb6d-4743-9ed2-fc9ea6159daa.jpg]
[elcomercio.pe/politica/actualidad/index.html]
[d1r08wok4169a5.cloudfront.net/gpt-adtmp/ads-formats-v2/public/js/main.min6ebf.js]
[elcomercio.pe/pf/resources/dist/elcomercio/css/story-v2-standard-deferredb647.css]
[elcomercio.pe/politica/justicia/nuevo-reves-para-pedro-castillo-pj-rechaza-recu/index.html]
[elcomercio.pe/autor/redaccion-ec/index.html]
[elcomercio.pe/economia/dia-1/como-hara-paracas-sede-de-cade-ejecutivos-para-recibir-a-mas-de-900-mil-turistas-este-2022-noticia/index.html]
[elcomercio.pe/economia/dia-1/index.html]
[d2dvq461rdwooi.cloudfront.net/elcomercio/post/deportetotal/spaces303f.js]
[elcomercio.pe/resizer/uvQv2vuGh6E7wvgiXT1y7-6kN-4=/280x159/smart/filters_format(jpeg)_quality(75)/cloudfront-us-east-1.images.arcpublishing.com/elcomercio/FI6CM5VAV5EIRMHAU4NM7FGTLI.jpg]
[elcomercio.pe/politica/gobierno/sol-carreno-anibal-torres-en-su-laberinto-insul/index.html]
[elcomercio.pe/politica/gobierno/index.html]
[elcomercio.pe/autor/thalia-cadenas/index.html]
[elcomercio.pe/deporte-total/seleccion/chile-tras-finalizar-audiencia-en-el-tas-por-caso-byron-castillo-hicimos-todo-mundial-qatar-2022-seleccion-ecuador-seleccion-chilena-rmmd-dtbn-noticia/ak.m]
[elcomercio.pe/archivo-elcomercio/la-sorprendente-historia-de-la-pareja-peruana-q/index.html]
[elcomercio.pe/economia/beat-se-despide-del-peru-empresa-dejara-de-operar-desde-el-9-de-noviembre-noticia/index.html]
[elcomercio.pe/politica/gobierno/anibal-torres-cuestion-de-confianza-tc-desestimo-en-febrero-demanda-del-gobierno-contra-ley-31355-tribunal-constitucional-noticia/index.html]
[elcomercio.pe/autor/claudia-inga/index.html]
[elcomercio.pe/autores/index.html]
[elcomercio.pe/economia/ignacio-briones-con-el-nivel-de-informalidad-de-peru-no-hay-estado-que-funcione-noticia/index.html]
[elcomercio.pe/tecnologia/redes-sociales/twitter-anade-un-check-gris-de-verificacion-que-funciona-igual-al-previo-check-azul-elon-musk-espana-mexico-usa-noticia/index.html]
[elcomercio.pe/tecnologia/redes-sociales/index.html]
[elcomercio.pe/el-comercio-tv/entrevistas/cade-2022-entrevista-christian-coone-ceo-de-natura-entrevista-noticia/index.html]
[elcomercio.pe/el-comercio-tv/entrevistas/index.html]
[elcomercio.pe/deporte-total/seleccion/chile-tras-finalizar-audiencia-en-el-tas-por-caso-byron-castillo-hicimos-todo-mundial-qatar-2022-seleccion-ecuador-seleccion-chilena-rmmd-dtbn-noticia/ak.30.delayed]
[elcomercio.pe/politica/pedro-castillo-deberia-asistir-a-la-cade-esto-dicen-los-gremios-empresariales-noticia/index.html]
[elcomercio.pe/resizer/RFxZhlbSIPz3vIAeN3HC1WSaiMQ=/580x330/smart/filters_format(jpeg)_quality(75)/cloudfront-us-east-1.images.arcpublishing.com/elcomercio/FI6CM5VAV5EIRMHAU4NM7FGTLI.jpg]
[elcomercio.pe/deporte-total/seleccion/chile-tras-finalizar-audiencia-en-el-tas-por-caso-byron-castillo-hicimos-todo-mundial-qatar-2022-seleccion-ecuador-seleccion-chilena-rmmd-dtbn-noticia/index.html]
[elcomercio.pe/autor/sebastian-ortiz-martinez/index.html]
[elcomercio.pe/economia/la-confianza-del-consumidor-mejora-en-lima-pero-sigue-siendo-pesimista-noticia/index.html]
[elcomercio.pe/resizer/kx1GZKuI1HY-UNw1jOfQ9B5p4lM=/280x159/smart/filters_format(jpeg)_quality(75)/cloudfront-us-east-1.images.arcpublishing.com/elcomercio/SD2KBZMGIBFGFGM3W2SBFGOCYE.jpg]
[elcomercio.pe/autor/melissa-rodriguez-enciso/index.html]
[elcomercio.pe/resizer/qwDNzDjxPoyxYpGKn0b6dfvIiKo=/1200x900/smart/filters_format(jpeg)_quality(75)/cdn.jwplayer.com/v2/media/5FJLThZM/poster.jpg]
[elcomercio.pe/deporte-total/futbol-mundial/index.html]
[elcomercio.pe/deporte-total/futbol-mundial/caso-byron-castillo-tas-ecuador-byron-castillo-la-historia-detras-del-fallo-que-nos-da-la-razon-pero-no-nos-lleva-a-qatar-noticia/index.html]
[elcomercio.pe/resizer/CP9Rsd7p08KKy8xHzym4CaMfGBg=/1200x900/smart/filters_format(jpeg)_quality(75)/cdn.jwplayer.com/v2/media/DoLlxpey/poster.jpg]
[elcomercio.pe/autor/miguel-villegas/index.html]
[elcomercio.pe/autor/agencia-afp/index.html]
[elcomercio.pe/mundo/eeuu/index.html]
[elcomercio.pe/autor/editorial-el-comercio/index.html]
[elcomercio.pe/peru/simulacro-multipeligro-sistema-de-alerta-sismica-sigue-sin-funcionar-tras-casi-5-anos-desde-su-anuncio-noticia/index.html]
[elcomercio.pe/autor/agencia-efe/index.html]
[elcomercio.pe/opinion/editorial/editorial-retrato-del-primer-ministro-editorial-anibal-torres-pedro-castillo-sol-carreno-noticia/index.html]
[elcomercio.pe/politica/anibal-torres-congresistas-demandan-la-salida-del-jefe-de-gabinete-tras-ataque-misogino-a-sol-carreno-pedro-castillo-noticia/ak.36.delayed]
[elcomercio.pe/opinion/colaboradores/que-ha-pasado-con-mi-pais-por-margaret-renkl-noticia/index.html]
[elcomercio.pe/autor/diego-macera/index.html]
[elcomercio.pe/opinion/columnistas/la-tragedia-del-buen-funcionario-por-diego-macera-noticia/index.html]
[elcomercio.pe/politica/anibal-torres-congresistas-demandan-la-salida-del-jefe-de-gabinete-tras-ataque-misogino-a-sol-carreno-pedro-castillo-noticia/ak.t]
[elcomercio.pe/autor/martin-tanaka/index.html]
[elcomercio.pe/opinion/columnistas/problemas-de-representacion-por-martin-tanaka-noticia/index.html]
[elcomercio.pe/resizer/GLN0M6F1XYAB4YG26fkDhqsnpNU=/580x330/smart/filters_format(jpeg)_quality(75)/cloudfront-us-east-1.images.arcpublishing.com/elcomercio/SD2KBZMGIBFGFGM3W2SBFGOCYE.jpg]
[elcomercio.pe/politica/videocolumna-fernando-vivas-guido-bellido-abandono-el-planeta-vladimir-cerron-y-ahora-es-un-impredecible-no-agrupado-cuentame-otra-noticia/index.html]
[elcomercio.pe/vamos/noticias/world-travel-market-peru-destaco-en-la-feria-de-turismo-mas-importante-del-mundo-turismo-feria-londres-noticia/index.html]
[elcomercio.pe/resizer/R82L15R_KmDawLckmljVOaCudKs=/40x40/smart/filters_format(jpeg)_quality(75)/s3.amazonaws.com/arc-authors/elcomercio/e0c66355-1d20-433e-aa23-f3dfb347e5a7.jpg]
[elcomercio.pe/politica/anibal-torres-congresistas-demandan-la-salida-del-jefe-de-gabinete-tras-ataque-misogino-a-sol-carreno-pedro-castillo-noticia/index.html]
[elcomercio.pe/politica/pedro-castillo-solicita-autorizacion-al-congreso-para-viajar-a-mexico-y-chile-rmmn-noticia/index.html]
[d2dvq461rdwooi.cloudfront.net/elcomercio/post/economia/spaces303f.js]
[elcomercio.pe/deporte-total/futbol-mundial/america-de-cali-vs-medellin-en-vivo-via-win-spo/index.html]
[static.chartbeat.com/js/chartbeat_video.js]
[elcomercio.pe/vamos/noticias/index.html]
[elcomercio.pe/saltar-intro/streaming/peliculas/selena-gomez-my-mind-me-como-ver-el-documental-online-gratis-apple-tv-mi-mente-y-yo-en-streaming-noticia/index.html]
[elcomercio.pe/deporte-total/caminos-del-inca/index.html]
[elcomercio.pe/deporte-total/futbol-mundial/win-sports-online-vea-america-de-cali-vs-medell/index.html]
[elcomercio.pe/respuestas/temblor-en-mexico-8-y-9-de-noviembre-cual-fue-el-epicentro-y-magnitud-del-ultimo-sismo-en-mx-segun-el-sismologico-nacional-rmmn-emcc-lbposting-noticia/index.html]
[elcomercio.pe/podcast/salud-con-ciencia/index.html]
[elcomercio.pe/economia/cade-ejecutivos-2022-en-vivo-hoy-sigue-el-foro-empresarial-en-directo-desde-paracas-agenda-del-dia-pedro-castillo-economia-peru-lbposting-noticia/ak.3d.delayed]
[elcomercio.pe/autor/jorge-barraza/index.html]
[elcomercio.pe/podcast/salud-con-ciencia/necesito-una-revision-medica-antes-de-hacer-ejercicios-tdex-noticia/index.html]
[elcomercio.pe/deporte-total/peruanos-en-el-mundo/marcos-lopez-el-unico-peruano-en-competiciones-/index.html]
[elcomercio.pe/deporte-total/futbol-mundial/mundial-qatar-2022-que-comer-los-precios-y-que-otros-secretos-esconde-a-12-dias-de-iniciar-el-mundial-2022-copa-del-mundo-jorge-barraza-doha-noticia/index.html]
[elcomercio.pe/economia/cade-ejecutivos-2022-en-vivo-hoy-sigue-el-foro-empresarial-en-directo-desde-paracas-agenda-del-dia-pedro-castillo-economia-peru-lbposting-noticia/ak.t]
[elcomercio.pe/economia/dia-1/quienes-son-los-ceo-con-mejor-gestion-en-redes-sociales-en-el-peru-facebook-twitter-instagram-linkedin-noticia/index.html]
[elcomercio.pe/lima/policiales/duena-de-minimarket-victima-de-extorsion-polici/index.html]
[elcomercio.pe/deporte-total/peruanos-en-el-mundo/index.html]
[i.ytimg.com/vi/qOhbUzxnvfo/hqdefault.jpg]
[elcomercio.pe/premios-dt/indexc51a.html]
[elcomercio.pe/lima/policiales/index.html]
[elcomercio.pe/tecnologia/actualidad/quechua-la-lengua-milenaria-del-peru-que-resurge-con-la-tecnologia-windows-11-office-microsoft-tiktok-yachasun-musquriy-google-noticia/index.html]
[elcomercio.pe/autor/daniel-bedoya/index.html]
[elcomercio.pe/tecnologia/actualidad/index.html]
[elcomercio.pe/autor/gabriela-machuca/index.html]
[elcomercio.pe/somos/historias/christian-meier-primero-hay-fans-antes-que-haters-no-es-al-reves-historias-ec-musica-noticia/index.html]
[w.ecodigital.pe/components/elcomercio/mxm/mxm.bundle129e.js]
[elcomercio.pe/somos/historias/index.html]
[elcomercio.pe/politica/los-ninos-de-ap-cual-es-el-avance-de-sus-investigaciones-y-por-que-el-congreso-aun-no-los-sanciona-noticia/index.html]
[elcomercio.pe/autor/juan-diego-rodriguez-bazalar/index.html]
[elcomercio.pe/mundo/eeuu/elecciones-estados-unidos-2022-que-pueden-ganar-y-perder-donald-trump-y-joe-biden-midterm-elections-noticia/index.html]
[elcomercio.pe/pf/resources/assets/lite-youtube/lite-youtube.minb647.js]
[elcomercio.pe/economia/cade-ejecutivos-2022-en-vivo-hoy-sigue-el-foro-empresarial-en-directo-desde-paracas-agenda-del-dia-pedro-castillo-economia-peru-lbposting-noticia/index.html]
[elcomercio.pe/deporte-total/futbol-peruano/index.html]
[elcomercio.pe/mundo/latinoamerica/index.html]
[elcomercio.pe/deporte-total/futbol-peruano/alianza-lima-chicho-salas-y-el-dia-que-transformo-lo-que-parecia-una-catastrofe-en-un-milagro-opinion-liga-1-succar-challenge-noticia/index.html]
[elcomercio.pe/autor/pedro-ortiz-bisso/index.html]
[elcomercio.pe/deporte-total/futbol-peruano/david-belmar-presidente-de-1190-sports-la-liga-/index.html]
[elcomercio.pe/mundo/latinoamerica/lula-da-silva-presidente-de-brasil-elecciones-2022-los-retos-a-los-que-se-enfrentara-lula-como-presidente-electo-jair-bolsonaro-noticia/index.html]
[d2dvq461rdwooi.cloudfront.net/elcomercio/post/respuestas/spaces303f.js]
[elcomercio.pe/lima/inversion-privada-sigue-estancada-en-un-clima-d/index.html]
[elcomercio.pe/autor/marco-quilca-leon/index.html]
[elcomercio.pe/resizer/nGhshQIqX83pnhyNNpG7-ancvjc=/280x159/smart/filters_format(jpeg)_quality(75)/cloudfront-us-east-1.images.arcpublishing.com/elcomercio/UKPBVSQCHJDD3FUH7SQI5BIOLU.jpg]
[elcomercio.pe/resizer/4NIgYer5Dd4EHjEz-LQWo9TK7Ow=/1200x900/smart/filters_format(jpeg)_quality(75)/cdn.jwplayer.com/v2/media/ZnzT4Ll5/poster.jpg]
[elcomercio.pe/economia/dia-1/majes-siguas-ii-obras-en-abril-se-cumpliran-los-plazos-de-entrega-tras-el-destrabe-del-proyecto-informe-noticia/index.html]
[elcomercio.pe/autor/jorge-falen/index.html]
[elcomercio.pe/autor/junior-miani/index.html]
[elcomercio.pe/mundo/centroamerica/expresidentes-ricardo-martinelli-y-juan-carlos-varela-iran-a-juicio-por-caso-odebrecht-en-panama-rmmn-noticia/index.html]
[elcomercio.pe/respuestas/quien/quien-cobra-nuevo-bono-alimentario-de-270-link-/ak.47.delayed]
[elcomercio.pe/mundo/eeuu/elecciones-estados-unidos-2022-estados-unidos-d/index.html]
[elcomercio.pe/mundo/oriente-medio/mahsa-amini-iran-las-protestas-continuan-a-pesar-de-las-detenciones-y-la-represion-de-fuerzas-de-seguridad-rmmn-noticia/index.html]
[elcomercio.pe/respuestas/quien/quien-cobra-nuevo-bono-alimentario-de-270-link-/ak.48.delayed]
[elcomercio.pe/mundo/oriente-medio/index.html]
[elcomercio.pe/tecnologia/e-sports/malvinas-gaming-mobile-legends-bang-bang-no-vamos-de-paseo-al-mundial-vamos-a-dejar-al-peru-en-lo-mas-alto-m4-noticia/index.html]
[elcomercio.pe/resizer/PQ3Y2kPOiyhxx04XN1ramDJFk3g=/980x528/smart/filters_format(jpeg)_quality(75)/cloudfront-us-east-1.images.arcpublishing.com/elcomercio/UKPBVSQCHJDD3FUH7SQI5BIOLU.jpg]
[elcomercio.pe/respuestas/quien/quien-cobra-nuevo-bono-alimentario-de-270-link-/index.html]
[elcomercio.pe/deporte-total/futbol-mundial/qatar-2022-karim-benzema-lesionado-y-podria-que/index.html]
[elcomercio.pe/mundo/centroamerica/index.html]
[elcomercio.pe/deporte-total/futbol-mundial/seleccion-de-brasil-desde-pele-hasta-coutinho-los-mejores-goles-del-scratch-en-las-copas-del-mundo-video-mundial-qatar-2022-rmmd-dtcc-noticia/index.html]
[elcomercio.pe/deporte-total/futbol-mundial/qatar-2022-convocados-de-la-seleccion-brasilena-tite-defendio-la-convocatoria-de-dani-alves-para-el-mundial-brasil-rmmd-noticia/index.html]
[elcomercio.pe/autor/julio-melgarejo-bardales/index.html]
[elcomercio.pe/deporte-total/futbol-mundial/futbol-libre-espn-en-vivo-barcelona-vs-osasuna-/index.html]
[elcomercio.pe/resizer/iUVVzb9KNTDttQIcm45sitBT7Vc=/280x159/smart/filters_format(jpeg)_quality(75)/cloudfront-us-east-1.images.arcpublishing.com/elcomercio/44WTI4XHNRDGDDR3IBEKV4QROY.jpg]
[elcomercio.pe/desde-la-redaccion/promociones/index.html]
[elcomercio.pe/resizer/7SfO0tAbe6YqdVHnnn2eYeb1kpw=/1200x900/smart/filters_format(jpeg)_quality(75)/cdn.jwplayer.com/v2/media/YErWTZbV/poster.jpg]
[elcomercio.pe/desde-la-redaccion/promociones/disfruta-tu-estadia-en-punta-sal-suites-con-hasta-el-30-de-descuento-noticia/index.html]
[elcomercio.pe/desde-la-redaccion/promociones/emocionate-y-revive-temas-iconicos-con-gipsy-kings-noticia/index.html]
[elcomercio.pe/desde-la-redaccion/promociones/emprende-una-travesia-unica-y-recargate-de-energia-en-el-sauce-resort-de-tarapoto-noticia/index.html]
[elcomercio.pe/desde-la-redaccion/promociones/sorprende-con-un-detalle-gracias-a-floreria-bloom-noticia/index.html]
[elcomercio.pe/tvmas/farandula/dijeron-que-no-tenia-cancer-pero-busco-otra-opinion-y-ahora-lucha-por-su-vida-habla-la-actriz-natalia-salas-noticia/index.html]
[elcomercio.pe/respuestas/como/revisar-bono-alimentario-2022-de-noviembre-hoy-/ak.m]
[elcomercio.pe/tvmas/farandula/index.html]
[elcomercio.pe/saltar-intro/hbo/peliculas/el-insoportable-peso-del-inmenso-talento-ver-o-/index.html]
[elcomercio.pe/saltar-intro/prime-video/peliculas/index.html]
[elcomercio.pe/autor/sonia-del-aguila/index.html]
[elcomercio.pe/luces/grupo-5-christian-yaipen-y-el-emotivo-momento-en-el-que-le-dedica-motor-y-motivo-a-su-esposa-jennifer-video-rmmn-emcc-noticia/index.html]
[elcomercio.pe/luces/musica/index.html]
[elcomercio.pe/respuestas/como/revisar-bono-alimentario-2022-de-noviembre-hoy-/ak.4e.delayed]
[elcomercio.pe/resizer/jyrpS9WAvabbF7dUygOUOzgR0zc=/980x528/smart/filters_format(jpeg)_quality(75)/cloudfront-us-east-1.images.arcpublishing.com/elcomercio/44WTI4XHNRDGDDR3IBEKV4QROY.jpg]
[elcomercio.pe/luces/cine/asu-mare-4-tondero-revela-el-nombre-oficial-de-la-pelicula-calos-alcantara-farandula-rmmn-noticia/index.html]
[elcomercio.pe/luces/musica/coldplay-toco-con-charly-alberti-y-zeta-bosio-ex-soda-stereo-en-concierto-de-argentina-river-persiana-americana-video-celebs-rmmn-noticia/index.html]
[elcomercio.pe/luces/cine/index.html]
[elcomercio.pe/respuestas/como/revisar-bono-alimentario-2022-de-noviembre-hoy-/index.html]
[elcomercio.pe/saltar-intro/netflix/series/donde-ver-estreno-the-crown-5-horarios-trailer-y-mas-de-la-nueva-temporada-series-de-netflix-elizabeth-debicki-lady-di-seasson-5-tdex-noticia/index.html]
[elcomercio.pe/saltar-intro/netflix/series/index.html]
[d2dvq461rdwooi.cloudfront.net/elcomercio/post/mundo/spaces303f.js]
[elcomercio.pe/autor/agencia-ap/index.html]
[elcomercio.pe/tvmas/famosos/index.html]
[elcomercio.pe/tvmas/famosos/shakira-y-sus-hijos-dejaran-barcelona-y-viviran-en-miami-tras-pacto-con-pique-estados-unidos-espana-celebs-rmmn-noticia/index.html]
[elcomercio.pe/tvmas/famosos/andy-taylor-el-guitarrista-de-duran-duran-padece-cancer-de-prostata-celebs-rmmn-noticia/index.html]
[elcomercio.pe/resizer/SarblyuSsY6OeLka3KE0ADykNlk=/280x159/smart/filters_format(jpeg)_quality(75)/cloudfront-us-east-1.images.arcpublishing.com/elcomercio/OAKGMXPTBBETNLM5UYSW53KEC4.jpg]
[elcomercio.pe/provecho/tendencias/index.html]
[elcomercio.pe/provecho/tendencias/mercado-aviacion-makis-hamburguesas-tacos-y-todo-lo-que-puedas-comer-por-un-mismo-precio-en-san-borja-noticia/index.html]
[elcomercio.pe/resizer/0mMq8BSfz0OQgqObtBJiPmiHSpg=/1200x900/smart/filters_format(jpeg)_quality(75)/cdn.jwplayer.com/v2/media/OCn1cXIK/poster.jpg]
[elcomercio.pe/luces/teatro/index.html]
[elcomercio.pe/autor/pierina-denegri/index.html]
[elcomercio.pe/luces/teatro/actores-de-betty-la-fea-llegan-a-lima-para-obra-de-teatro-el-divan-rojo-noticia/index.html]
[elcomercio.pe/saltar-intro/hbo/series/the-white-lotus-2x02-en-hbo-el-sol-y-la-lujuria-hace-de-las-suyas-en-sicilia-resena-review-critica-resumen-streaming-video-noticia/index.html]
[elcomercio.pe/provecho/listas-y-rankings/salchipapas-en-lima-10-opciones-diferentes-para-pedir-por-delivery-noticia/index.html]
[elcomercio.pe/mundo/eeuu/elecciones-estados-unidos-2022-en-vivo-usa-midt/ak.m]
[elcomercio.pe/provecho/listas-y-rankings/index.html]
[elcomercio.pe/saltar-intro/hbo/series/index.html]
[elcomercio.pe/tvmas/esto-es-guerra-en-vivo-ver-la-competencia-de-ho/index.html]
[elcomercio.pe/provecho/tendencias/familia-torres-conoce-la-historia-de-esta-bodega-espanola-y-su-vino-celeste-crianza-noticia/index.html]
[elcomercio.pe/respuestas/temblor-en-colombia-hoy-8-y-9-de-noviembre-cuan/index.html]
[elcomercio.pe/mundo/eeuu/elecciones-estados-unidos-2022-en-vivo-usa-midt/ak.55.delayed]
[elcomercio.pe/respuestas/resultados-la-tinka-en-vivo-del-miercoles-9-de-noviembre-sorteo-de-hoy-y-jugada-ganadora-pozo-millonario-resultado-si-o-si-intralot-lbposting-noticia/index.html]
[elcomercio.pe/Trident/index.html]
[elcomercio.pe/politica/justicia/nuevo-reves-para-pedro-castillo-pj-rechaza-recu/index3f62.html]
[elcomercio.pe/GET/index.html]
[elcomercio.pe/suscripciones/indexba1b.html]
[elcomercio.pe/resizer/zTjbVUzeBrIM8kc71A0ZcCjg1E0=/40x40/smart/filters_format(jpeg)_quality(75)/s3.amazonaws.com/arc-authors/elcomercio/bfae97da-fc74-4b90-9b2e-5ef724f1d3fc.jpg]
[elcomercio.pe/politica/justicia/index.html]
[elcomercio.pe/resizer/3HWx9m-7W7JyZi4ZyT20i4PBTbg=/40x40/smart/filters_format(jpeg)_quality(75)/s3.amazonaws.com/arc-authors/elcomercio/f166835a-1a07-4080-9c33-5e7ee83f5eab.jpg]
[elcomercio.pe/politica/rafael-vela-lo-que-esta-buscando-odebrecht-es-q/index.html]
[elcomercio.pe/politica/actualidad/vladimir-cerron-niega-vinculacion-con-la-dini-e-injerencia-en-el-minsa-noticia/index.html]
[elcomercio.pe/noticias/pedro-castillo/index.html]
[elcomercio.pe/mundo/eeuu/elecciones-estados-unidos-2022-en-vivo-usa-midt/_https_/static.univision.com/especiales/noticias/infografias/2022/elecciones/general/widget2.html_]
[elcomercio.pe/mundo/eeuu/elecciones-estados-unidos-2022-en-vivo-usa-midt/index.html]
[elcomercio.pe/politica/justicia/yenifer-paredes-los-argumentos-de-los-jueces-a-favor-y-en-contra-de-la-libertad-de-la-cunada-de-pedro-castillo-lilia-paredes-noticia/index.html]
[elcomercio.pe/politica/justicia/pedro-castillo-fiscal-de-la-nacion-presenta-denuncia-constitucional-contra-el-presidente-congreso-noticia/index.html]
[elcomercio.pe/politica/justicia/odebrecht-7-preguntas-y-respuestas-sobre-la-sus/index.html]
[elcomercio.pe/archivo/index.html]
[elcomercio.pe/politica/justicia/pedro-castillo-las-razones-del-pj-para-rechazar/index.html]
[elcomercio.pe/resizer/ghKHFb1_z3MvvSZ1x5c5xlE_tJM=/280x159/smart/filters_format(jpeg)_quality(75)/cloudfront-us-east-1.images.arcpublishing.com/elcomercio/B4HHAS5DLFFA7BESP2F5ECKNEU.jpg]
[elcomercio.pe/deporte-total/seleccion/chile-tras-finalizar-audiencia-en-el-tas-por-ca/index3f62.html]
[elcomercio.pe/suscripciones/index515a.html]
[elcomercio.pe/politica/justicia/alejandro-toledo-fiscalia-pide-35-anos-de-prision-por-el-tramo-4-de-la-carretera-interoceanica-lava-jato-camargo-correa-noticia/index.html]
[elcomercio.pe/mundial/ecuador/caso-byron-castillo-en-vivo-resultado-y-fallo-d/index.html]
[elcomercio.pe/resizer/C2Qb9x4XXxwqCIjbI5B5Tf7MU9o=/1200x900/smart/filters_format(jpeg)_quality(75)/cdn.jwplayer.com/v2/media/PyW5c8wZ/poster.5d.delayed]
[elcomercio.pe/noticias/caso-byron-castillo/index.html]
[elcomercio.pe/noticias/byron-castillo/index.html]
[elcomercio.pe/deporte-total/seleccion/index.html]
[elcomercio.pe/deporte-total/seleccion/mexico-vs-irak-en-vivo-online-via-tv-azteca-y-c/index.html]
[elcomercio.pe/deporte-total/seleccion/costa-rica-vs-nigeria-en-vivo-gratis-canal-6-re/index.html]
[elcomercio.pe/politica/anibal-torres-congresistas-demandan-la-salida-del-jefe-de-gabinete-tras-ataque-misogino-a-sol-carreno-pedro-castillo-noticia/index3f62.html]
[elcomercio.pe/deporte-total/futbol-peruano/alianza-lima-vs-melgar-en-vivo-en-arequipa-por-/ak.m]
[elcomercio.pe/mundial/francia/mundial-qatar-2022-mbappe-benzema-y-messi-parte/index.html]
[elcomercio.pe/politica/pedro-castillo-demoras-cambios-y-contramarchas-/index.html]
[elcomercio.pe/noticias/anibal-torres/index.html]
[elcomercio.pe/politica/anibal-torres-deploran-ataques-misoginos-del-primer-ministro-contra-periodista-sol-carreno-video-congreso-pcm-rmmn-noticia/index.html]
[elcomercio.pe/politica/actualidad/guido-bellido-responde-vladimir-cerron-cada-quien-tiene-su-aporte-y-hay-que-reconocer-a-todos-rmmn-noticia/index.html]
[elcomercio.pe/deporte-total/futbol-peruano/alianza-lima-vs-melgar-en-vivo-en-arequipa-por-/ak.t]
[elcomercio.pe/noticias/congreso/index.html]
[elcomercio.pe/noticias/sol-carreno/index.html]
[elcomercio.pe/politica/justicia/roberto-sanchez-reconoce-que-el-mincetur-contrato-a-pareja-de-bruno-pacheco-noticia/index.html]
[elcomercio.pe/politica/embajada-de-estados-unidos-la-libertad-de-prensa-es-la-base-de-una-democracia-saludable-rmmn-noticia/index.html]
[elcomercio.pe/politica/juicio-a-ollanta-humala-quienes-ganan-y-pierden-con-la-postergacion-de-la-declaracion-de-odebrecht-y-barata-noticia/index.html]
[elcomercio.pe/resizer/Y072FC2rnDOfRBJ22IeMjyh2viI=/0x47/smart/filters_format(png)_quality(75)/cde.3.elcomercio.pe/img/0/1/4/1/2/1412587.png]
[elcomercio.pe/politica/actualidad/betssy-chavez-sobre-cuestion-de-confianza-nosotros-como-ejecutivo-nos-encontramos-maniatados-anibal-torres-congreso-rmmn-noticia/index.html]
[elcomercio.pe/politica/dina-boluarte-autoridades-no-podemos-tener-expresiones-violentas-contras-las-mujeres-anibal-torres-rmmn-noticia/index.html]
[elcomercio.pe/politica/congresista-jose-maria-balcazar-contrato-como-asesor-a-juez-que-lo-absolvio-en-caso-por-difamacion-peru-bicentenario-congreso-noticia/index.html]
[elcomercio.pe/politica/congresista-vivian-olivos-pide-a-la-contraloria-revisar-designacion-en-el-minsa-de-abogado-cercano-a-vladimir-cerron-rmmn-noticia/index.html]
[elcomercio.pe/resizer/KLRUWOHA_gyxemoAAxoSJKT2buc=/0x47/smart/filters_format(png)_quality(75)/cde.3.elcomercio.pe/img/0/1/7/1/5/1715869.png]
[elcomercio.pe/economia/cade-ejecutivos-2022-en-vivo-hoy-sigue-el-foro-empresarial-en-directo-desde-paracas-agenda-del-dia-pedro-castillo-economia-peru-lbposting-noticia/index3f62.html]
[elcomercio.pe/suscripciones/index70b1.html]
[elcomercio.pe/resizer/TDgvRJWDgnNfdr8jOdBBdmfQfXo=/787x442/smart/filters_format(jpeg)_quality(75)/cloudfront-us-east-1.images.arcpublishing.com/elcomercio/B4HHAS5DLFFA7BESP2F5ECKNEU.jpg]
[elcomercio.pe/noticias/cade/index.html]
[elcomercio.pe/economia/peru/cade-ejecutivos-presidente-pedro-castillo-ha-sido-invitado-pero-no-confirma-su-asistencia-para-el-clausura-del-evento-en-paracas-rmmn-noticia/index.html]
[elcomercio.pe/economia/cade-2022-drago-kisic-esta-crisis-es-grave-pero-no-es-una-que-nos-vaya-a-quebrar-como-pais-noticia/index.html]
[elcomercio.pe/noticias/cade-ejecutivos-2022/index.html]
[elcomercio.pe/respuestas/quien/quien-cobra-nuevo-bono-alimentario-de-270-link-/index3f62.html]
[elcomercio.pe/suscripciones/index2b66.html]
[elcomercio.pe/noticias/bono-alimentario-2022/index.html]
[elcomercio.pe/noticias/bono-alimentario/index.html]
[elcomercio.pe/resizer/6PHpJJPzYFwRbYUruFgcyNDWGNg=/40x40/smart/filters_format(jpeg)_quality(75)/s3.amazonaws.com/arc-authors/elcomercio/182213fc-5499-4be3-9d43-c30fca83fdeb.jpg]
[elcomercio.pe/noticias/dni/index.html]
[platform.twitter.com/widgets.js]
[elcomercio.pe/respuestas/quien/index.html]
[elcomercio.pe/resizer/QQRSsrXEit_H46Wd0mhDgF0jtEI=/980x528/smart/filters_format(jpeg)_quality(75)/cloudfront-us-east-1.images.arcpublishing.com/elcomercio/DS5SKJ3C2FEOPIYMIAYSA5XNRY.jpg]
[elcomercio.pe/deporte-total/futbol-peruano/alianza-lima-vs-melgar-en-vivo-en-arequipa-por-/index.html]
[elcomercio.pe/noticias/midis/index.html]
[elcomercio.pe/noticias/subsidios/index.html]
[elcomercio.pe/noticias/bono-270/index.html]
[elcomercio.pe/noticias/subsidio/index.html]
[elcomercio.pe/noticias/bono/index.html]
[elcomercio.pe/resizer/3B0gX0Zu-wML0VMDwOEWfmIKDjU=/280x159/smart/filters_format(jpeg)_quality(75)/cloudfront-us-east-1.images.arcpublishing.com/elcomercio/T3LKXJUUYNGLBABKTN3XUY5IEQ.jpg]
[elcomercio.pe/respuestas/quien/bono-500-e-ingreso-solidario-que-se-sabe-del-subsidio-colombiano-con-miras-al-2023-prosperidad-social-dps-gustavo-petro-tdex-revtli-noticia/index.html]
[elcomercio.pe/respuestas/como/revisar-bono-alimentario-2022-de-noviembre-hoy-/index3f62.html]
[elcomercio.pe/respuestas/quien/consulta-bono-500-mil-pesos-quienes-cobran-y-cuando-pagan-el-subsidio-en-colombia-gustavo-petro-tdex-revtli-noticia/index.html]
[elcomercio.pe/economia/dolar-sigue-retrocediendo-y-cierra-en-s391-su-nivel-mas-bajo-despues-de-un-mes-noticia/ak.m]
[elcomercio.pe/noticias/bono-de-270/index.html]
[elcomercio.pe/respuestas/como/index.html]
[elcomercio.pe/respuestas/como/cuando-se-paga-ingreso-solidario-de-prosperidad-social-ultimas-del-subsidio-y-mas-lista-oficial-como-consultar-con-cedula-y-mas-tdex-revtli-noticia/index.html]
[elcomercio.pe/noticias/bono-1/index.html]
[elcomercio.pe/respuestas/como/subsidio-protege-noviembre-2022-como-ver-si-soy-beneficiario-monto-y-cuando-se-paga-chile-atiende-ips-en-linea-tdex-revtli-noticia/index.html]
[elcomercio.pe/suscripciones/index1919.html]
[elcomercio.pe/economia/dolar-sigue-retrocediendo-y-cierra-en-s391-su-nivel-mas-bajo-despues-de-un-mes-noticia/ak.t]
[elcomercio.pe/mundo/eeuu/elecciones-estados-unidos-2022-midterms-que-se-/index.html]
[elcomercio.pe/mundo/eeuu/elecciones-estados-unidos-2022-en-vivo-usa-midt/index3f62.html]
[elcomercio.pe/noticias/estados-unidos/index.html]
[elcomercio.pe/resizer/l15NpGmohqUP6xhOfAuI-YKhXfU=/580x330/smart/filters_format(jpeg)_quality(75)/cloudfront-us-east-1.images.arcpublishing.com/elcomercio/T3LKXJUUYNGLBABKTN3XUY5IEQ.jpg]
[elcomercio.pe/economia/dolar-sigue-retrocediendo-y-cierra-en-s391-su-nivel-mas-bajo-despues-de-un-mes-noticia/index.html]
[elcomercio.pe/noticias/joe-biden/index.html]
[elcomercio.pe/mundo/eeuu/elecciones-estados-unidos-2022-no-solo-son-elecciones-legislativas-es-un-plebiscito-entre-joe-biden-y-donald-trump-noticia/index.html]
[elcomercio.pe/mundo/eeuu/elecciones-estados-unidos-2022-joe-biden-llama-a-defender-la-democracia-antes-de-elecciones-legislativas-donald-trump-partido-democrata-partido-republicano-noticia/index.html]
[elcomercio.pe/mundo/eeuu/elecciones-estados-unidos-2022-midterms-cuando-/index.html]
[elcomercio.pe/noticias/elecciones-estados-unidos-2022/index.html]
[d2dvq461rdwooi.cloudfront.net/elcomercio/post/luces/spaces303f.js]
[elcomercio.pe/noticias/partido-democrata/index.html]
[elcomercio.pe/noticias/senado/index.html]
[elcomercio.pe/resizer/wwOO2g3mjS9WMGNoHdD6k62XNSo=/280x159/smart/filters_format(jpeg)_quality(75)/cloudfront-us-east-1.images.arcpublishing.com/elcomercio/6T5VR63ZIVHVHIZXGIZCSUVBCM.jpg]
[elcomercio.pe/noticias/camara-de-representantes/index.html]
[elcomercio.pe/noticias/donald-trump/index.html]
[elcomercio.pe/noticias/partido-republicano/index.html]
[elcomercio.pe/noticias/midterms/index.html]
[elcomercio.pe/mundo/latinoamerica/nicolas-cernadas-argentina-el-crimen-de-dos-ninos-contra-su-companero-de-clase-porque-le-tenian-bronca-merlo-mariano-acosta-narracion-historias-ec-noticia/index.html]
[elcomercio.pe/resizer/7RJ9EOTTqbUazw6Z_nFLoiRT4_Y=/1200x900/smart/filters_format(jpeg)_quality(75)/dvgnzpfv30f28.cloudfront.net/06-13-2019/t_b3f85043672943a88acdd39de1cb3f47_name_5d02b0a622005.jpg]
[elcomercio.pe/mundo/asia/lula-da-silva-china-felicita-a-lula-y-espera-llevar-los-lazos-con-brasil-a-un-nuevo-nivel-jair-bolsonaro-rmmn-noticia/index.html]
[elcomercio.pe/mundo/mexico/ariadna-fernanda-lopez-diaz-rautel-astudillo-fu/index.html]
[elcomercio.pe/luces/vida-social/horoscopo-de-hoy-martes-8-de-noviembre-del-2022-que-dicen-las-predicciones-para-tu-signo-zodiacal-noticia/ak.m]
[elcomercio.pe/mundo/latinoamerica/paula-andrea-restrepo-parra-repudio-por-abuso-sexual-tortura-y-asesinato-de-joven-al-salir-de-colegio-en-antioquia-colombia-noticia/index.html]
[elcomercio.pe/mundo/eeuu/estados-unidos-dice-estar-alarmado-por-acciones-contra-jueces-y-fiscales-en-guatemala-joe-biden-ned-price-eeuu-rmmn-noticia/index.html]
[elcomercio.pe/mundo/oriente-medio/ben-gvir-israel-posible-ministro-israeli-he-madurado-y-me-he-moderado-rmmn-noticia/index.html]
[elcomercio.pe/mundo/eeuu/ron-desantis-es-reelegido-gobernador-de-florida/index.html]
[elcomercio.pe/deporte-total/futbol-peruano/alianza-lima-vs-melgar-en-vivo-en-arequipa-por-/index3f62.html]
[elcomercio.pe/luces/vida-social/horoscopo-de-hoy-martes-8-de-noviembre-del-2022-que-dicen-las-predicciones-para-tu-signo-zodiacal-noticia/ak.70.delayed]
[elcomercio.pe/noticias/melgar/index.html]
[elcomercio.pe/deporte-total/futbol-peruano/golperu-en-vivo-por-internet-alianza-vs-melgar-/index.html]
[elcomercio.pe/autor/diegozanatta/index.html]
[elcomercio.pe/deporte-total/futbol-peruano/melgar-vs-alianza-lima-hoy-en-vivo-y-en-directo/index.html]
[elcomercio.pe/resizer/2Mw5tG0xc0fX5SESxrLuDRGYw_k=/580x330/smart/filters_format(jpeg)_quality(75)/cloudfront-us-east-1.images.arcpublishing.com/elcomercio/6T5VR63ZIVHVHIZXGIZCSUVBCM.jpg]
[elcomercio.pe/noticias/alianza-lima/index.html]
[elcomercio.pe/noticias/liga-1/index.html]
[elcomercio.pe/luces/vida-social/horoscopo-de-hoy-martes-8-de-noviembre-del-2022-que-dicen-las-predicciones-para-tu-signo-zodiacal-noticia/index.html]
[elcomercio.pe/noticias/futbol-peruano/index.html]
[elcomercio.pe/noticias/fbc-melgar/index.html]
[elcomercio.pe/noticias/alianza/index.html]
[elcomercio.pe/noticias/alianza-lima-vs-melgar/index.html]
[elcomercio.pe/resizer/hY6GJZVdh7W3rvIPU45-_FmHisM=/280x159/smart/filters_format(jpeg)_quality(75)/cloudfront-us-east-1.images.arcpublishing.com/elcomercio/DZQZLCC73JGKFPX4HP2KAPROTU.jpg]
[elcomercio.pe/noticias/alianza-vs-melgar/index.html]
[elcomercio.pe/noticias/minuto-a-minuto/index.html]
[elcomercio.pe/noticias/gol-peru/index.html]
[elcomercio.pe/resizer/xf8tUIAs8COb2_6SSJt5V0kHQEY=/1200x900/smart/filters_format(jpeg)_quality(75)/cdn.jwplayer.com/v2/media/dVDEpr3O/poster.jpg]
[elcomercio.pe/noticias/goltv/index.html]
[elcomercio.pe/noticias/movistar/index.html]
[elcomercio.pe/noticias/livebetsson/index.html]
[elcomercio.pe/noticias/precio-del-dolar/index.html]
[elcomercio.pe/economia/dolar-sigue-retrocediendo-y-cierra-en-s391-su-nivel-mas-bajo-despues-de-un-mes-noticia/index3f62.html]
[elcomercio.pe/lima/gestion-deficiente-e-irregularidades-en-tres-sectores-le-cuestan-al-estado-mas-de-s10000-millones-petro-peru-y-otros-casos-informe-mtc-urea-ecdata-noticia/index.html]
[elcomercio.pe/respuestas/quien/link-ingreso-solidario-2022-de-noviembre-quien-cobra-cuanto-se-paga-y-fechas-del-dps-via-sisben-iv-tdex-revtli-noticia/ak.m]
[elcomercio.pe/archivo-elcomercio/cade-ejecutivos-2022-cade-2022-ipae-historia-de-las-cade-siglo-xx-paracas-julio-velarde-kurt-burneo-bcr-mef-nnsp-noticia/index.html]
[elcomercio.pe/economia/empresas-que-incumplan-deposito-de-la-cts-cometeran-infraccion-grave-advierte-el-ministerio-de-trabajo-rmmn-noticia/index9e56.html]
[elcomercio.pe/economia/venta-o-alquiler-de-departamentos-que-debo-tomar-en-cuenta-antes-de-invertir-en-un-inmueble-rmmn-noticia/index9e56.html]
[elcomercio.pe/economia/ingresos-por-venta-de-alimentos-bebidas-y-merchandising-de-21-conciertos-ascendieron-a-s7-millones-rmmn-noticia/index9e56.html]
[elcomercio.pe/noticias/dolar/index.html]
[elcomercio.pe/suscripciones/indexaa0d.html]
[elcomercio.pe/luces/vida-social/horoscopo-de-hoy-martes-8-de-noviembre-del-2022-que-dicen-las-predicciones-para-tu-signo-zodiacal-noticia/index3f62.html]
[elcomercio.pe/respuestas/quien/link-ingreso-solidario-2022-de-noviembre-quien-cobra-cuanto-se-paga-y-fechas-del-dps-via-sisben-iv-tdex-revtli-noticia/ak.76.delayed]
[elcomercio.pe/noticias/tipo-de-cambio/index.html]
[elcomercio.pe/luces/vida-social/index.html]
[elcomercio.pe/viu/actitud-viu/horoscopo-2022-que-trabajo-debo-elegir-segun-mi-signo-zodiacal-trabajo-tdex-noticia/index.html]
[elcomercio.pe/viu/actitud-viu/horoscopo-horoscopo-como-te-ira-en-los-proximos-seis-meses-segun-tu-signo-zodiacal-astrologia-tarot-signo-zodiacal-zodiaco-horoscopo-hoy-noticia-noticia/index.html]
[elcomercio.pe/viu/actitud-viu/horoscopo-horoscopo-de-la-semana-del-7-al-13-de/index.html]
[elcomercio.pe/respuestas/luna-de-sangre-2022-donde-ver-y-como-afecta-el-eclipse-a-tu-signo-del-zodiaco-horoscopo-de-hoy-tdex-revtli-noticia/index.html]
[elcomercio.pe/resizer/3MSO8tDOCIJcfSLecAVyu0DHUrE=/980x528/smart/filters_format(jpeg)_quality(75)/cloudfront-us-east-1.images.arcpublishing.com/elcomercio/DZQZLCC73JGKFPX4HP2KAPROTU.jpg]
[elcomercio.pe/luces/cine/merly-morello-debuta-en-el-cine-como-lidio-con-la-fama-el-acoso-en-redes-y-mas-entrevista-una-aventura-gigante-de-vuelta-al-barrio-lily-tiktok-instagram-noticia/index.html]
[elcomercio.pe/saltar-intro/prime-video/peliculas/te-gusto-argentina-1985-aqui-hay-cinco-grandes-peliculas-de-ricardo-darin-en-streaming-noticia/index.html]
[elcomercio.pe/respuestas/quien/link-ingreso-solidario-2022-de-noviembre-quien-cobra-cuanto-se-paga-y-fechas-del-dps-via-sisben-iv-tdex-revtli-noticia/index.html]
[elcomercio.pe/noticias/tarot/index.html]
[elcomercio.pe/luces/cine/rambo-cumple-40-anos-por-que-su-primera-pelicula-es-insuperable-sylvester-stallone-first-blood-primera-sangre-noticia/index.html]
[elcomercio.pe/luces/musica/silvestre-dangond-la-habilidad-de-navegar-entre-lo-tradicional-y-la-nueva-generacion-del-vallenato-noticia/index.html]
[elcomercio.pe/noticias/signo-zodiacal/index.html]
[elcomercio.pe/saltar-intro/prime-video/series/the-peripheral-como-se-hizo-la-serie-de-sci-fi-mas-ambiciosa-del-2022-entrevista-noticia/index.html]
[elcomercio.pe/respuestas/quien/link-ingreso-solidario-2022-de-noviembre-quien-cobra-cuanto-se-paga-y-fechas-del-dps-via-sisben-iv-tdex-revtli-noticia/index3f62.html]
[elcomercio.pe/noticias/ingreso-solidario/index.html]
[d2dvq461rdwooi.cloudfront.net/elcomercio/post/videos/spaces303f.js]
[elcomercio.pe/luces/vida-social/horoscopo-de-hoy-en-vivo-y-predicciones-gratis-/index.html]
[elcomercio.pe/luces/vida-social/horoscopo-de-hoy-en-vivo-y-predicciones-gratis-/index-2.html]
[elcomercio.pe/noticias/sisben/index.html]
[elcomercio.pe/resizer/n3jj3ISN7GOMUB-0fy3cwwQxL-s=/280x159/smart/filters_format(jpeg)_quality(75)/cloudfront-us-east-1.images.arcpublishing.com/elcomercio/ZVPASSQFTZBY3APEVMBK46MC4E.jpg]
[elcomercio.pe/noticias/ingreso-solidario-2022/index.html]
[elcomercio.pe/noticias/bono-500/index.html]
[elcomercio.pe/noticias/link-ingreso-solidario/index.html]
[elcomercio.pe/noticias/prosperidad-social/index.html]
[elcomercio.pe/resizer/a1OoQUEUg3-XT-eXLhDR3MsbyCs=/1200x900/smart/filters_format(jpeg)_quality(75)/cloudfront-us-east-1.images.arcpublishing.com/elcomercio/ZVPASSQFTZBY3APEVMBK46MC4E.jpg]
[elcomercio.pe/noticias/bono-500-mil/index.html]
[elcomercio.pe/videos/entretenimiento/la-tinka-conoce-el-resultado-del-sorteo-para-el-02112022-sorteo-loteria-millonario-ganador-billete-nnav-amtv-video-noticia/index3f62.html]
[elcomercio.pe/videos/entretenimiento/la-tinka-conoce-el-resultado-del-sorteo-para-el-02112022-sorteo-loteria-millonario-ganador-billete-nnav-amtv-video-noticia/ak.html]
[elcomercio.pe/videos/entretenimiento/la-tinka-conoce-el-resultado-del-sorteo-para-el-02112022-sorteo-loteria-millonario-ganador-billete-nnav-amtv-video-noticia/ak-2.html]
[elcomercio.pe/suscripciones/index8125.html]
[elcomercio.pe/videos/entretenimiento/index.html]
[cdna.elcomercio.pe/resources/dist/elcomercio/images/default-sm.png]
[elcomercio.pe/videos/entretenimiento/shakira-y-pique-llegan-a-un-acuerdo-por-la-cust/index.html]
[elcomercio.pe/videos/global/ingreso-solidario-2022-como-saber-si-soy-benefi/index.html]
[elcomercio.pe/resizer/IkSK9IwDMSYHYisElPy8JL3yqn8=/231x132/smart/filters_format(jpeg)_quality(75)/cloudfront-us-east-1.images.arcpublishing.com/elcomercio/ZIHK4UPAXRDOPNK4PUCLJTWXTY.jpg]
[elcomercio.pe/videos/deportes/donde-ver-melgar-vs-alianza-lima-apuestas-horar/index.html]
[elcomercio.pe/videos/entretenimiento/al-fondo-hay-sitio-afhs-kimberly-mentira-jaimito-libro-celos-alessia-montalban-nnav-amtv-video-noticia/index.html]
[elcomercio.pe/resizer/5fTNwVFH5Jybo68qjf2w0kN11t4=/231x132/smart/filters_format(jpeg)_quality(75)/cloudfront-us-east-1.images.arcpublishing.com/elcomercio/OBLI7J3TXBHTRAGC6QJLH3CKXU.jpg]
[elcomercio.pe/videos/global/index.html]
[elcomercio.pe/resizer/U5IRD5RWP6IFEUsgWGRAiMZu9bs=/231x132/smart/filters_format(jpeg)_quality(75)/cdn.jwplayer.com/v2/media/bOmNlgeE/poster.jpg]
[elcomercio.pe/resizer/jRqZHpGiYvqy0Yj0HQBSYiOyChE=/231x132/smart/filters_format(jpeg)_quality(75)/cdn.jwplayer.com/v2/media/hxNuJsR1/poster.jpg]
[elcomercio.pe/resizer/pBlL-F9CZZ0i9G4Eh_LXVzY17iE=/231x132/smart/filters_format(jpeg)_quality(75)/cdn.jwplayer.com/v2/media/GKZ1CB11/poster.jpg]
[elcomercio.pe/resizer/HncGR_e5IBLpnBJDGk7XUO54_mo=/231x132/smart/filters_format(jpeg)_quality(75)/cloudfront-us-east-1.images.arcpublishing.com/elcomercio/QNNV4PEAIRDW5GJR4CXGRIV4IA.jpg]
[elcomercio.pe/videos/global/loteria-de-visas-para-estados-unidos-conoce-los/index.html]
[elcomercio.pe/resizer/-N4Wstiva_asTOcUbiNY-ziPtp0=/231x132/smart/filters_format(jpeg)_quality(75)/cloudfront-us-east-1.images.arcpublishing.com/elcomercio/DQJV5G6CPVBILP6B673JS4GIHA.jpg]
[elcomercio.pe/videos/global/loteria-de-visas-2024-a-eeuu-todo-lo-que-debes-saber-para-entrar-al-sorteo-de-55mil-green-cards-estados-unidos-nnav-vr-video-noticia/index.html]
[elcomercio.pe/resizer/Ggt3Xr7WQQlKKYRBlVs8JvFeJ20=/231x132/smart/filters_format(jpeg)_quality(75)/cloudfront-us-east-1.images.arcpublishing.com/elcomercio/AOCRXHYZXBHJZASASVHGENRZRI.jpg]
[elcomercio.pe/resizer/2kNwbDNqmzjmrC5riU5QS12RVYQ=/231x132/smart/filters_format(jpeg)_quality(75)/cloudfront-us-east-1.images.arcpublishing.com/elcomercio/BBQTBDUW2VFL7BXAF3Y3I6VIFQ.jpg]
[elcomercio.pe/resizer/IIzdUleb9DhP1mdzvCEXjSHU1Qk=/231x132/smart/filters_format(jpeg)_quality(75)/cdn.jwplayer.com/v2/media/UCbY01UG/poster.jpg]
[elcomercio.pe/videos/pais/index.html]
[elcomercio.pe/videos/global/twitter-despide-a-cerca-del-50-de-sus-empleados-en-el-mundo-redes-sociales-nnav-agafp-video-noticia/index.html]
[elcomercio.pe/resizer/P2d--Df0gCBSbRs-LUawaqAxwfY=/231x132/smart/filters_format(jpeg)_quality(75)/cdn.jwplayer.com/v2/media/zuwHjYSt/poster.jpg]
[elcomercio.pe/resizer/W00oN89XEAu9hWLsgZViBPhlsuM=/231x132/smart/filters_format(jpeg)_quality(75)/cdn.jwplayer.com/v2/media/pfQmA85d/poster.jpg]
[elcomercio.pe/resizer/tpZ75B6BpkfnXUFohHCmTHheqCE=/231x132/smart/filters_format(jpeg)_quality(75)/cloudfront-us-east-1.images.arcpublishing.com/elcomercio/YWNEG4LLTRARPFRO7FZ6YITMFM.jpg]
[elcomercio.pe/resizer/kVVhJPgSelZ__LghyiLySpgMn_8=/231x132/smart/filters_format(jpeg)_quality(75)/cdn.jwplayer.com/v2/media/qZf446a4/poster.jpg]
[elcomercio.pe/videos/pais/promulgan-ley-que-permitira-atencion-personalizada-a-los-usuarios-el-peruano-ley-31601-inteligencia-artificial-nnav-tvpe-video-noticia/index.html]
[elcomercio.pe/resizer/dupxNRVOFR1yqjLomk7cR18Gpig=/231x132/smart/filters_format(jpeg)_quality(75)/cdn.jwplayer.com/v2/media/nSCWVrqx/poster.jpg]
[elcomercio.pe/resizer/fEeQO2sVz9p1EKe9IjjMraEYzNg=/231x132/smart/filters_format(jpeg)_quality(75)/cdn.jwplayer.com/v2/media/JaYiYCxQ/poster.jpg]
[elcomercio.pe/resizer/8_vJ5Q5HPNgr_L4VafBHQQaNpfU=/231x132/smart/filters_format(jpeg)_quality(75)/cdn.jwplayer.com/v2/media/Eo9FXItF/poster.jpg]
[elcomercio.pe/resizer/_f9d4zCGKrij7hg7HKqsMqmGyv0=/231x132/smart/filters_format(jpeg)_quality(75)/cdn.jwplayer.com/v2/media/5q8SgoMa/poster.jpg]
[elcomercio.pe/videos/pais/nueva-ley-de-teletrabajo-quien-debera-asumir-los-costos-de-luz-e-internet-congreso-pcm-trabajo-remoto-video-nnav-vr-pais-noticia/index.html]
[elcomercio.pe/videos/pais/bono-yanapay-peru-2022-quienes-son-los-beneficiarios-y-cuando-se-cobra-subsidio-consulta-aqui-formas-de-pago-banco-de-la-nacion-midis-nnav-vr-video-noticia/index.html]
[elcomercio.pe/videos/entretenimiento/carlos-cacho-lucecita-ceballos-cambio-imagen-antes-y-despues-famosos-farandula-nnav-amtv-video-noticia/index.html]
[elcomercio.pe/resizer/9QOO8AaqkE276FVkWlKtbSFe6iU=/231x132/smart/filters_format(jpeg)_quality(75)/cdn.jwplayer.com/v2/media/a6mwPQ4X/poster.jpg]
[elcomercio.pe/videos/pais/bono-alimentario-2022-que-es-quienes-seran-los-beneficiarios-y-desde-cuando-se-entregara-mef-midis-consulta-bono-alimentario-gobpe-video-nnav-vr-noticia/index.html]
[elcomercio.pe/videos/entretenimiento/maricucha-2-stefano-meier-debut-television-peruana-telenovela-christian-meier-15-de-noviembre-nnav-amtv-video-noticia/index.html]
[elcomercio.pe/resizer/EKeexSVVpke4fIzG3ZHM3heXJ8k=/231x132/smart/filters_format(jpeg)_quality(75)/cloudfront-us-east-1.images.arcpublishing.com/elcomercio/EU37L5NVBZBALPM35V4QKYYNAY.jpg]
[elcomercio.pe/resizer/Vy5b8YOa1H3qm1QGet4N44I352M=/231x132/smart/filters_format(jpeg)_quality(75)/cdn.jwplayer.com/v2/media/bU9boZwJ/poster.jpg]
[elcomercio.pe/resizer/ARKXzbTRd_w_ICYFruA1v_vByJE=/231x132/smart/filters_format(jpeg)_quality(75)/cloudfront-us-east-1.images.arcpublishing.com/elcomercio/CGLMF3ZFN5AJ3KVDLAW5VKNIP4.jpg]
[elcomercio.pe/videos/deportes/index.html]
[elcomercio.pe/resizer/Xlrp-Jb5Oe2wRy9cApY1k-Bc8Qg=/231x132/smart/filters_format(jpeg)_quality(75)/cloudfront-us-east-1.images.arcpublishing.com/elcomercio/X5GWB5UVINHFVANZZUNSNSAVMM.jpg]
[elcomercio.pe/videos/deportes/caso-byron-castillo-tas-ecuador-chile-peru-eliminatorias-qatar-2022-nnav-amtv-video-noticia/index.html]
[elcomercio.pe/resizer/-bRmaWC19DpQ4Woua-Ux238F54g=/231x132/smart/filters_format(jpeg)_quality(75)/cloudfront-us-east-1.images.arcpublishing.com/elcomercio/5OS3I2MSPBHMXJN3IPUO5IAIKI.jpg]
[elcomercio.pe/resizer/auvU6cP9uyXzynikBegWDCPDxXU=/231x132/smart/filters_format(jpeg)_quality(75)/cdn.jwplayer.com/v2/media/HuZLQqM8/poster.jpg]
[elcomercio.pe/resizer/L43pVWcF9udnjJ-AWtjrFOlXnkg=/231x132/smart/filters_format(jpeg)_quality(75)/cdn.jwplayer.com/v2/media/ORJhyEs3/poster.jpg]
[elcomercio.pe/resizer/ZFF4POusypT5VsbYoqqYh956gR0=/231x132/smart/filters_format(jpeg)_quality(75)/cdn.jwplayer.com/v2/media/qzNkf3E3/poster.jpg]
[elcomercio.pe/videos/deportes/qatar-2022-fifa-la-lista-de-cracks-que-no-estar/index.html]
[elcomercio.pe/resizer/PXlfuEhFItfdhu7-UH5ZOmIWGxc=/231x132/smart/filters_format(jpeg)_quality(75)/cdn.jwplayer.com/v2/media/8I4jTwMx/poster.jpg]
[elcomercio.pe/resizer/DaLVXDqnVGL52nSCHWv55QIW0YM=/231x132/smart/filters_format(jpeg)_quality(75)/cloudfront-us-east-1.images.arcpublishing.com/elcomercio/FEMFOVLTVFAWXB5HMVJJOUSIC4.jpg]
[elcomercio.pe/resizer/2dfjY41Ww7FVk6ZpqLGJbWVh13Y=/231x132/smart/filters_format(jpeg)_quality(75)/cloudfront-us-east-1.images.arcpublishing.com/elcomercio/YAOXOXSAPRHMDAKNDMYK32ARQE.jpg]
[elcomercio.pe/resizer/kHAcavxGG_hcZ6Mt1hLU1wIu-OA=/231x132/smart/filters_format(jpeg)_quality(75)/cloudfront-us-east-1.images.arcpublishing.com/elcomercio/LAXUACSTXRAHFNY4S3V5QRJYE4.jpg]
[elcomercio.pe/resizer/xJMCwyoauABDR-kiLiurZNRCp00=/231x132/smart/filters_format(jpeg)_quality(75)/cdn.jwplayer.com/v2/media/I5rjQZDh/poster.jpg]
[elcomercio.pe/videos/deportes/qatar-2022-mira-los-horarios-y-dias-que-juega-a/index.html]
[elcomercio.pe/resizer/WdgQT4eHGYgQYJHs2JG8gdGbWPg=/231x132/smart/filters_format(jpeg)_quality(75)/cloudfront-us-east-1.images.arcpublishing.com/elcomercio/FDWYV7NMTJEY3NHQPBOWBWDQZI.jpg]
[elcomercio.pe/resizer/R2RqWlWAWJTg13G6pxPcLchA8pc=/231x132/smart/filters_format(jpeg)_quality(75)/cloudfront-us-east-1.images.arcpublishing.com/elcomercio/6ZDEXO65WFGU3FUQ2FYRMYHRDU.jpg]
[elcomercio.pe/videos/ciencia/index.html]
[elcomercio.pe/resizer/t1FKmZIsMXSLgxPIt0nrc9b0XaM=/231x132/smart/filters_format(jpeg)_quality(75)/cdn.jwplayer.com/v2/media/SOUgYvge/poster.jpg]
[elcomercio.pe/resizer/HZzR2qAvIZVPYlH8BnR6EhZBWmY=/231x132/smart/filters_format(jpeg)_quality(75)/cloudfront-us-east-1.images.arcpublishing.com/elcomercio/5UQIZQKG7ZGY5HN2AYJKLRRMZU.jpg]
[elcomercio.pe/videos/entretenimiento/la-tinka-conoce-el-resultado-del-sorteo-para-el-02112022-sorteo-loteria-millonario-ganador-billete-nnav-amtv-video-noticia/index.html]
[elcomercio.pe/videos/ciencia/china-presenta-el-primer-lobo-artico-clonado-animales-en-peligro-de-extincion-animales-clonados-biodiversidad-nnav-latv-video-noticia/index.html]
[elcomercio.pe/resizer/RPVvJdVEdyq3QDzax3XLFiNGL3U=/280x159/smart/filters_format(jpeg)_quality(75)/cloudfront-us-east-1.images.arcpublishing.com/elcomercio/NNR5TAHNLNH5FOBTCPWGX2R56U.jpg]
[elcomercio.pe/videos/ciencia/nasa-volvera-a-visitar-la-luna-luego-de-50-anos-nnav-agafp-video-noticia/index.html]
[elcomercio.pe/videos/ciencia/estudio-confirma-que-agua-de-lluvia-es-nociva-para-el-humano-nnav-agafp-video-noticia/index.html]
[elcomercio.pe/videos/ciencia/nasa-quien-es-aracely-quispe-la-peruana-clave-en-el-lanzamiento-del-telescopio-james-webb-video-nnav-vr-mundo-eeuu-lambayeque-noticia/index.html]
[elcomercio.pe/videos/tecno/index.html]
[elcomercio.pe/videos/tecno/whatsapp-enterate-con-quien-habla-tu-pareja-o-mejor-amigo-con-estos-sencillos-trucos-video-nnav-vr-tecnologia-android-ios-apple-smartphone-noticia/index.html]
[elcomercio.pe/videos/tecno/tecnologia-cinco-aplicaciones-gratuitas-para-aprender-idiomas-android-ios-nnav-vr-video-noticia/index.html]
[elcomercio.pe/resizer/w51TMQ703vi3S-Nap8zZrgreonY=/1200x900/smart/filters_format(jpeg)_quality(75)/cdn.jwplayer.com/v2/media/CWgllNa8/poster.jpg]
[elcomercio.pe/videos/vida/index.html]
[elcomercio.pe/videos/tecno/cyber-wow-2022-como-encontrar-las-mejores-ofertas-durante-esta-campana-video-nnav-vr-tecnologia-internet-noticia/index.html]
[elcomercio.pe/videos/tecno/warhammer-vermintide-2-presenta-trailer-de-su-n/index.html]
[elcomercio.pe/deporte-total/futbol-mundial/mundial-qatar-2022-en-vivo-minuto-a-minuto-ulti/ak.m]
[elcomercio.pe/videos/vida/asi-duermen-los-animales-sueno-gato-perro-insecto-delfin-humano-nnav-agdw-video-noticia/index.html]
[elcomercio.pe/videos/vida/dia-mundial-contra-el-cancer-de-mama-conoce-la-manera-de-prevenir-y-detectar-esta-neoplasia-nnav-video-oncosalud-salud-noticia/index.html]
[elcomercio.pe/videos/vida/aborto-prohibicion-aborto-legal-corte-suprema-estados-unidos-derecho-nnav-agdw-video-noticia/index.html]
[elcomercio.pe/videos/vida/paises-de-europa-africa-y-asia-que-puedes-visitar-sin-necesidad-de-visa-inglaterra-gales-escocia-irlande-del-norte-nnav-vr-video-noticia/index.html]
[elcomercio.pe/videos/trailers/index.html]
[elcomercio.pe/deporte-total/futbol-mundial/mundial-qatar-2022-en-vivo-minuto-a-minuto-ulti/ak.t]
[elcomercio.pe/deporte-total/futbol-mundial/mundial-qatar-2022-en-vivo-minuto-a-minuto-ulti/index.html]
[elcomercio.pe/economia/personal/index.html]
[elcomercio.pe/suscripciones/index8bd9.html]
[elcomercio.pe/ultimas-noticias/index.html]
[elcomercio.pe/newsletters/index.html]
[elcomercio.pe/corresponsales-escolares/index.html]
[elcomercio.pe/reviu.html]
[elcomercio.pe/elecciones/index.html]
[elcomercio.pe/juegos/index.html]
[elcomercio.pe/podcast/index.html]
[elcomercio.pe/el-comercio-tv/index.html]
[elcomercio.pe/noticias/coronavirus/index.html]
[elcomercio.pe/provecho/index.html]
[elcomercio.pe/saltar-intro/index.html]
[elcomercio.pe/opinion/index.html]
[elcomercio.pe/politica/index.html]
[elcomercio.pe/economia/index.html]
[elcomercio.pe/lima/index.html]
[elcomercio.pe/peru/index.html]
[elcomercio.pe/mundo/index.html]
[elcomercio.pe/deporte-total/index.html]
[elcomercio.pe/luces/index.html]
[elcomercio.pe/tvmas/index.html]
[elcomercio.pe/tecnologia/index.html]
